{"ts":"2026-04-11T00:17:57.120Z","level":"error","scope":"email","message":"Email send failed","meta":{"to":"luis.ecorteg@gmail.com","subject":"Reset your BIM Dashboard password","error":{"name":"IntegrationError","message":"Email delivery is disconnected. Refresh the Gmail OAuth token before sending more mail.","code":"reconnect_required","stack":"IntegrationError: Email delivery is disconnected. Refresh the Gmail OAuth token before sending more mail.\n    at f (C:\\LECG\\Dashboard\\.next\\server\\chunks\\8041.js:125:32221)\n    at M (C:\\LECG\\Dashboard\\.next\\server\\chunks\\8041.js:1:24810)\n    at process.processTicksAndRejections (node:internal/process/task_queues:105:5)\n    at async N (C:\\LECG\\Dashboard\\.next\\server\\chunks\\8041.js:1:25164)\n    at async C:\\LECG\\Dashboard\\.next\\server\\chunks\\8041.js:98:983\n    at async h.middlewares (C:\\LECG\\Dashboard\\.next\\server\\chunks\\7898.js:41:43852)\n    at async l (C:\\LECG\\Dashboard\\.next\\server\\chunks\\7898.js:44:68)\n    at async l (C:\\LECG\\Dashboard\\.next\\server\\chunks\\7898.js:44:68)\n    at async b (C:\\LECG\\Dashboard\\.next\\server\\chunks\\7898.js:41:44084)\n    at async C:\\LECG\\Dashboard\\.next\\server\\chunks\\7898.js:44:29616"}}}
[requestPasswordReset] Failed to send email: Error [IntegrationError]: Email delivery is disconnected. Refresh the Gmail OAuth token before sending more mail.
    at f (C:\LECG\Dashboard\.next\server\chunks\8041.js:125:32221)
    at M (C:\LECG\Dashboard\.next\server\chunks\8041.js:1:24810)
    at async N (C:\LECG\Dashboard\.next\server\chunks\8041.js:1:25164)
    at async (C:\LECG\Dashboard\.next\server\chunks\8041.js:98:983)
    at async h.middlewares (C:\LECG\Dashboard\.next\server\chunks\7898.js:41:43852)
    at async l (C:\LECG\Dashboard\.next\server\chunks\7898.js:44:68)
    at async l (C:\LECG\Dashboard\.next\server\chunks\7898.js:44:68)
    at async b (C:\LECG\Dashboard\.next\server\chunks\7898.js:41:44084)
    at async (C:\LECG\Dashboard\.next\server\chunks\7898.js:44:29616) {
  status: 401,
  code: 'reconnect_required',
  service: 'Gmail',
  details: [Object]
}
{"ts":"2026-04-11T00:18:22.780Z","level":"error","scope":"email","message":"Email send failed","meta":{"to":"luis.ecorteg@gmail.com","subject":"Reset your BIM Dashboard password","error":{"name":"IntegrationError","message":"Email delivery is disconnected. Refresh the Gmail OAuth token before sending more mail.","code":"reconnect_required","stack":"IntegrationError: Email delivery is disconnected. Refresh the Gmail OAuth token before sending more mail.\n    at f (C:\\LECG\\Dashboard\\.next\\server\\chunks\\8041.js:125:32221)\n    at M (C:\\LECG\\Dashboard\\.next\\server\\chunks\\8041.js:1:24810)\n    at process.processTicksAndRejections (node:internal/process/task_queues:105:5)\n    at async N (C:\\LECG\\Dashboard\\.next\\server\\chunks\\8041.js:1:25164)\n    at async C:\\LECG\\Dashboard\\.next\\server\\chunks\\8041.js:98:983\n    at async h.middlewares (C:\\LECG\\Dashboard\\.next\\server\\chunks\\7898.js:41:43852)\n    at async l (C:\\LECG\\Dashboard\\.next\\server\\chunks\\7898.js:44:68)\n    at async l (C:\\LECG\\Dashboard\\.next\\server\\chunks\\7898.js:44:68)\n    at async b (C:\\LECG\\Dashboard\\.next\\server\\chunks\\7898.js:41:44084)\n    at async C:\\LECG\\Dashboard\\.next\\server\\chunks\\7898.js:44:29616"}}}
[requestPasswordReset] Failed to send email: Error [IntegrationError]: Email delivery is disconnected. Refresh the Gmail OAuth token before sending more mail.
    at f (C:\LECG\Dashboard\.next\server\chunks\8041.js:125:32221)
    at M (C:\LECG\Dashboard\.next\server\chunks\8041.js:1:24810)
    at async N (C:\LECG\Dashboard\.next\server\chunks\8041.js:1:25164)
    at async (C:\LECG\Dashboard\.next\server\chunks\8041.js:98:983)
    at async h.middlewares (C:\LECG\Dashboard\.next\server\chunks\7898.js:41:43852)
    at async l (C:\LECG\Dashboard\.next\server\chunks\7898.js:44:68)
    at async l (C:\LECG\Dashboard\.next\server\chunks\7898.js:44:68)
    at async b (C:\LECG\Dashboard\.next\server\chunks\7898.js:41:44084)
    at async (C:\LECG\Dashboard\.next\server\chunks\7898.js:44:29616) {
  status: 401,
  code: 'reconnect_required',
  service: 'Gmail',
  details: [Object]
}
